"""
Test lazy_matrix_mul module for possible inputs and edge cases
"""

>>> lazy_matrix_mul = __import__('101-lazy_matrix_mul').lazy_matrix_mul

# Normal Input
>>> lazy_matrix_mul([[1, 2], [3, 4]], [[1, 2], [3, 4]])
array([[ 7, 10],
       [15, 22]])
>>> lazy_matrix_mul([[1, 2]], [[3, 4], [5, 6]])
array([[13, 16]])

# Exceptions
>>> lazy_matrix_mul([1, 2], [[3, 4], [5, 6]])
Traceback (most recent call last):
...
TypeError: m_a must be a list of lists
>>> lazy_matrix_mul([[1, 2]], [3, 4])
Traceback (most recent call last):
...
TypeError: m_b must be a list of lists
>>> lazy_matrix_mul([[1, 2]], [[3, "4"], [5, 6]])
Traceback (most recent call last):
...
TypeError: m_b should contain only integers or floats
>>> lazy_matrix_mul([[1, 2]], [[3, 4]])
Traceback (most recent call last):
...
ValueError: m_a and m_b can't be multiplied
>>> lazy_matrix_mul([], [[3, 4], [5, 6]])
Traceback (most recent call last):
...
ValueError: m_a can't be empty
>>> lazy_matrix_mul([[1, 2]], [])
Traceback (most recent call last):
...
ValueError: m_b can't be empty
